// Jest Snapshot v1, https://goo.gl/fbAQLP

exports[`StoreLocator renders corretly 1`] = `[Function]`;
